// Jest Snapshot v1, https://goo.gl/fbAQLP

exports[`Counter matches snapshot 1`] = `
<DocumentFragment>
  <div
    class="sc-bdDrOH dJQgrP"
  >
    <header
      class="sc-dkXqmJ gnCqVg"
    >
      <img
        alt="logo"
        class="sc-gtczok hodEzD"
        src="logo.svg"
      />
      <div>
        <div
          class="row"
        >
          <button
            aria-label="Increment value"
            class="button"
          >
            +
          </button>
          <span
            class="value"
          >
            0
          </span>
          <button
            aria-label="Decrement value"
            class="button"
          >
            -
          </button>
        </div>
        <div
          class="row"
        >
          <input
            aria-label="Set increment amount"
            class="textbox"
            value="2"
          />
          <button
            class="button"
          >
            Add Amount
          </button>
          <button
            class="asyncButton"
          >
            Add Async
          </button>
        </div>
      </div>
      <p>
        Edit 
        <code>
          src/App.tsx
        </code>
         and save to reload.
      </p>
      <div>
        <button
          class="MuiButtonBase-root MuiButton-root MuiButton-contained MuiButton-containedPrimary"
          tabindex="0"
          type="button"
        >
          <span
            class="MuiButton-label"
          >
            Hello World
          </span>
          <span
            class="MuiTouchRipple-root"
          />
        </button>
      </div>
    </header>
  </div>
</DocumentFragment>
`;
